Archive member included to satisfy reference by file (symbol)

C:/ST/STM32CubeIDE_1.14.1/STM32CubeIDE/plugins/com.st.stm32cube.ide.mcu.externaltools.gnu-tools-for-stm32.11.3.rel1.win32_1.1.100.202309141235/tools/bin/../lib/gcc/arm-none-eabi/11.3.1/../../../../arm-none-eabi/lib/thumb/v7e-m+fp/hard\libc_nano.a(libc_a-exit.o)
                              C:/ST/STM32CubeIDE_1.14.1/STM32CubeIDE/plugins/com.st.stm32cube.ide.mcu.externaltools.gnu-tools-for-stm32.11.3.rel1.win32_1.1.100.202309141235/tools/bin/../lib/gcc/arm-none-eabi/11.3.1/../../../../arm-none-eabi/lib/thumb/v7e-m+fp/hard/crt0.o (exit)
C:/ST/STM32CubeIDE_1.14.1/STM32CubeIDE/plugins/com.st.stm32cube.ide.mcu.externaltools.gnu-tools-for-stm32.11.3.rel1.win32_1.1.100.202309141235/tools/bin/../lib/gcc/arm-none-eabi/11.3.1/../../../../arm-none-eabi/lib/thumb/v7e-m+fp/hard\libc_nano.a(libc_a-findfp.o)
                              C:/ST/STM32CubeIDE_1.14.1/STM32CubeIDE/plugins/com.st.stm32cube.ide.mcu.externaltools.gnu-tools-for-stm32.11.3.rel1.win32_1.1.100.202309141235/tools/bin/../lib/gcc/arm-none-eabi/11.3.1/../../../../arm-none-eabi/lib/thumb/v7e-m+fp/hard\libc_nano.a(libc_a-exit.o) (__stdio_exit_handler)
C:/ST/STM32CubeIDE_1.14.1/STM32CubeIDE/plugins/com.st.stm32cube.ide.mcu.externaltools.gnu-tools-for-stm32.11.3.rel1.win32_1.1.100.202309141235/tools/bin/../lib/gcc/arm-none-eabi/11.3.1/../../../../arm-none-eabi/lib/thumb/v7e-m+fp/hard\libc_nano.a(libc_a-fwalk.o)
                              C:/ST/STM32CubeIDE_1.14.1/STM32CubeIDE/plugins/com.st.stm32cube.ide.mcu.externaltools.gnu-tools-for-stm32.11.3.rel1.win32_1.1.100.202309141235/tools/bin/../lib/gcc/arm-none-eabi/11.3.1/../../../../arm-none-eabi/lib/thumb/v7e-m+fp/hard\libc_nano.a(libc_a-findfp.o) (_fwalk_sglue)
C:/ST/STM32CubeIDE_1.14.1/STM32CubeIDE/plugins/com.st.stm32cube.ide.mcu.externaltools.gnu-tools-for-stm32.11.3.rel1.win32_1.1.100.202309141235/tools/bin/../lib/gcc/arm-none-eabi/11.3.1/../../../../arm-none-eabi/lib/thumb/v7e-m+fp/hard\libc_nano.a(libc_a-stdio.o)
                              C:/ST/STM32CubeIDE_1.14.1/STM32CubeIDE/plugins/com.st.stm32cube.ide.mcu.externaltools.gnu-tools-for-stm32.11.3.rel1.win32_1.1.100.202309141235/tools/bin/../lib/gcc/arm-none-eabi/11.3.1/../../../../arm-none-eabi/lib/thumb/v7e-m+fp/hard\libc_nano.a(libc_a-findfp.o) (__sread)
C:/ST/STM32CubeIDE_1.14.1/STM32CubeIDE/plugins/com.st.stm32cube.ide.mcu.externaltools.gnu-tools-for-stm32.11.3.rel1.win32_1.1.100.202309141235/tools/bin/../lib/gcc/arm-none-eabi/11.3.1/../../../../arm-none-eabi/lib/thumb/v7e-m+fp/hard\libc_nano.a(libc_a-memset.o)
                              C:/ST/STM32CubeIDE_1.14.1/STM32CubeIDE/plugins/com.st.stm32cube.ide.mcu.externaltools.gnu-tools-for-stm32.11.3.rel1.win32_1.1.100.202309141235/tools/bin/../lib/gcc/arm-none-eabi/11.3.1/../../../../arm-none-eabi/lib/thumb/v7e-m+fp/hard/crt0.o (memset)
C:/ST/STM32CubeIDE_1.14.1/STM32CubeIDE/plugins/com.st.stm32cube.ide.mcu.externaltools.gnu-tools-for-stm32.11.3.rel1.win32_1.1.100.202309141235/tools/bin/../lib/gcc/arm-none-eabi/11.3.1/../../../../arm-none-eabi/lib/thumb/v7e-m+fp/hard\libc_nano.a(libc_a-closer.o)
                              C:/ST/STM32CubeIDE_1.14.1/STM32CubeIDE/plugins/com.st.stm32cube.ide.mcu.externaltools.gnu-tools-for-stm32.11.3.rel1.win32_1.1.100.202309141235/tools/bin/../lib/gcc/arm-none-eabi/11.3.1/../../../../arm-none-eabi/lib/thumb/v7e-m+fp/hard\libc_nano.a(libc_a-stdio.o) (_close_r)
C:/ST/STM32CubeIDE_1.14.1/STM32CubeIDE/plugins/com.st.stm32cube.ide.mcu.externaltools.gnu-tools-for-stm32.11.3.rel1.win32_1.1.100.202309141235/tools/bin/../lib/gcc/arm-none-eabi/11.3.1/../../../../arm-none-eabi/lib/thumb/v7e-m+fp/hard\libc_nano.a(libc_a-reent.o)
                              C:/ST/STM32CubeIDE_1.14.1/STM32CubeIDE/plugins/com.st.stm32cube.ide.mcu.externaltools.gnu-tools-for-stm32.11.3.rel1.win32_1.1.100.202309141235/tools/bin/../lib/gcc/arm-none-eabi/11.3.1/../../../../arm-none-eabi/lib/thumb/v7e-m+fp/hard\libc_nano.a(libc_a-closer.o) (errno)
C:/ST/STM32CubeIDE_1.14.1/STM32CubeIDE/plugins/com.st.stm32cube.ide.mcu.externaltools.gnu-tools-for-stm32.11.3.rel1.win32_1.1.100.202309141235/tools/bin/../lib/gcc/arm-none-eabi/11.3.1/../../../../arm-none-eabi/lib/thumb/v7e-m+fp/hard\libc_nano.a(libc_a-impure.o)
                              C:/ST/STM32CubeIDE_1.14.1/STM32CubeIDE/plugins/com.st.stm32cube.ide.mcu.externaltools.gnu-tools-for-stm32.11.3.rel1.win32_1.1.100.202309141235/tools/bin/../lib/gcc/arm-none-eabi/11.3.1/../../../../arm-none-eabi/lib/thumb/v7e-m+fp/hard\libc_nano.a(libc_a-reent.o) (_impure_ptr)
C:/ST/STM32CubeIDE_1.14.1/STM32CubeIDE/plugins/com.st.stm32cube.ide.mcu.externaltools.gnu-tools-for-stm32.11.3.rel1.win32_1.1.100.202309141235/tools/bin/../lib/gcc/arm-none-eabi/11.3.1/../../../../arm-none-eabi/lib/thumb/v7e-m+fp/hard\libc_nano.a(libc_a-lseekr.o)
[...]
Memory Configuration

Name             Origin             Length             Attributes
RAM              0x0000000020000000 0x0000000000018000 xrw
RAM2             0x0000000010000000 0x0000000000008000 xrw
FLASH            0x0000000008000000 0x0000000000100000 xr
*default*        0x0000000000000000 0xffffffffffffffff

Linker script and memory map

LOAD C:/ST/STM32CubeIDE_1.14.1/STM32CubeIDE/plugins/com.st.stm32cube.ide.mcu.externaltools.gnu-tools-for-stm32.11.3.rel1.win32_1.1.100.202309141235/tools/bin/../lib/gcc/arm-none-eabi/11.3.1/thumb/v7e-m+fp/hard/crti.o
LOAD C:/ST/STM32CubeIDE_1.14.1/STM32CubeIDE/plugins/com.st.stm32cube.ide.mcu.externaltools.gnu-tools-for-stm32.11.3.rel1.win32_1.1.100.202309141235/tools/bin/../lib/gcc/arm-none-eabi/11.3.1/thumb/v7e-m+fp/hard/crtbegin.o
LOAD C:/ST/STM32CubeIDE_1.14.1/STM32CubeIDE/plugins/com.st.stm32cube.ide.mcu.externaltools.gnu-tools-for-stm32.11.3.rel1.win32_1.1.100.202309141235/tools/bin/../lib/gcc/arm-none-eabi/11.3.1/../../../../arm-none-eabi/lib/thumb/v7e-m+fp/hard/crt0.o
LOAD ./Core/Src/main.o
LOAD ./Core/Src/stm32l4xx_it.o
LOAD ./Core/Src/syscalls.o
LOAD ./Core/Src/sysmem.o
LOAD ./Core/Src/system_stm32l4xx.o
LOAD ./Core/Startup/startup_stm32l476rgtx.o
LOAD ./Drivers/STM32L4xx_HAL_Driver/Src/stm32l4xx_ll_dma.o
LOAD ./Drivers/STM32L4xx_HAL_Driver/Src/stm32l4xx_ll_exti.o
LOAD ./Drivers/STM32L4xx_HAL_Driver/Src/stm32l4xx_ll_gpio.o
LOAD ./Drivers/STM32L4xx_HAL_Driver/Src/stm32l4xx_ll_pwr.o
LOAD ./Drivers/STM32L4xx_HAL_Driver/Src/stm32l4xx_ll_tim.o
LOAD ./Drivers/STM32L4xx_HAL_Driver/Src/stm32l4xx_ll_utils.o
START GROUP
LOAD C:/ST/STM32CubeIDE_1.14.1/STM32CubeIDE/plugins/com.st.stm32cube.ide.mcu.externaltools.gnu-tools-for-stm32.11.3.rel1.win32_1.1.100.202309141235/tools/bin/../lib/gcc/arm-none-eabi/11.3.1/../../../../arm-none-eabi/lib/thumb/v7e-m+fp/hard\libc_nano.a
LOAD C:/ST/STM32CubeIDE_1.14.1/STM32CubeIDE/plugins/com.st.stm32cube.ide.mcu.externaltools.gnu-tools-for-stm32.11.3.rel1.win32_1.1.100.202309141235/tools/bin/../lib/gcc/arm-none-eabi/11.3.1/../../../../arm-none-eabi/lib/thumb/v7e-m+fp/hard\libm.a
END GROUP
START GROUP
LOAD C:/ST/STM32CubeIDE_1.14.1/STM32CubeIDE/plugins/com.st.stm32cube.ide.mcu.externaltools.gnu-tools-for-stm32.11.3.rel1.win32_1.1.100.202309141235/tools/bin/../lib/gcc/arm-none-eabi/11.3.1/thumb/v7e-m+fp/hard\libgcc.a
LOAD C:/ST/STM32CubeIDE_1.14.1/STM32CubeIDE/plugins/com.st.stm32cube.ide.mcu.externaltools.gnu-tools-for-stm32.11.3.rel1.win32_1.1.100.202309141235/tools/bin/../lib/gcc/arm-none-eabi/11.3.1/../../../../arm-none-eabi/lib/thumb/v7e-m+fp/hard\libc_nano.a
END GROUP
START GROUP
LOAD C:/ST/STM32CubeIDE_1.14.1/STM32CubeIDE/plugins/com.st.stm32cube.ide.mcu.externaltools.gnu-tools-for-stm32.11.3.rel1.win32_1.1.100.202309141235/tools/bin/../lib/gcc/arm-none-eabi/11.3.1/thumb/v7e-m+fp/hard\libgcc.a
LOAD C:/ST/STM32CubeIDE_1.14.1/STM32CubeIDE/plugins/com.st.stm32cube.ide.mcu.externaltools.gnu-tools-for-stm32.11.3.rel1.win32_1.1.100.202309141235/tools/bin/../lib/gcc/arm-none-eabi/11.3.1/../../../../arm-none-eabi/lib/thumb/v7e-m+fp/hard\libc_nano.a
LOAD C:/ST/STM32CubeIDE_1.14.1/STM32CubeIDE/plugins/com.st.stm32cube.ide.mcu.externaltools.gnu-tools-for-stm32.11.3.rel1.win32_1.1.100.202309141235/tools/bin/../lib/gcc/arm-none-eabi/11.3.1/../../../../arm-none-eabi/lib/thumb/v7e-m+fp/hard\libnosys.a
END GROUP
START GROUP
LOAD C:/ST/STM32CubeIDE_1.14.1/STM32CubeIDE/plugins/com.st.stm32cube.ide.mcu.externaltools.gnu-tools-for-stm32.11.3.rel1.win32_1.1.100.202309141235/tools/bin/../lib/gcc/arm-none-eabi/11.3.1/thumb/v7e-m+fp/hard\libgcc.a
LOAD C:/ST/STM32CubeIDE_1.14.1/STM32CubeIDE/plugins/com.st.stm32cube.ide.mcu.externaltools.gnu-tools-for-stm32.11.3.rel1.win32_1.1.100.202309141235/tools/bin/../lib/gcc/arm-none-eabi/11.3.1/../../../../arm-none-eabi/lib/thumb/v7e-m+fp/hard\libc_nano.a
LOAD C:/ST/STM32CubeIDE_1.14.1/STM32CubeIDE/plugins/com.st.stm32cube.ide.mcu.externaltools.gnu-tools-for-stm32.11.3.rel1.win32_1.1.100.202309141235/tools/bin/../lib/gcc/arm-none-eabi/11.3.1/../../../../arm-none-eabi/lib/thumb/v7e-m+fp/hard\libnosys.a
END GROUP
LOAD C:/ST/STM32CubeIDE_1.14.1/STM32CubeIDE/plugins/com.st.stm32cube.ide.mcu.externaltools.gnu-tools-for-stm32.11.3.rel1.win32_1.1.100.202309141235/tools/bin/../lib/gcc/arm-none-eabi/11.3.1/thumb/v7e-m+fp/hard/crtend.o
LOAD C:/ST/STM32CubeIDE_1.14.1/STM32CubeIDE/plugins/com.st.stm32cube.ide.mcu.externaltools.gnu-tools-for-stm32.11.3.rel1.win32_1.1.100.202309141235/tools/bin/../lib/gcc/arm-none-eabi/11.3.1/thumb/v7e-m+fp/hard/crtn.o
                0x0000000020018000                _estack = (ORIGIN (RAM) + LENGTH (RAM))
                0x0000000000000200                _Min_Heap_Size = 0x200
                0x0000000000000400                _Min_Stack_Size = 0x400

.isr_vector     0x0000000008000000      0x188
                0x0000000008000000                . = ALIGN (0x4)
 *(.isr_vector)
 .isr_vector    0x0000000008000000      0x188 ./Core/Startup/startup_stm32l476rgtx.o
                0x0000000008000000                g_pfnVectors
                0x0000000008000188                . = ALIGN (0x4)

.text           0x0000000008000188      0xe18
                0x0000000008000188                . = ALIGN (0x4)
 *(.text)
 .text          0x0000000008000188       0x40 C:/ST/STM32CubeIDE_1.14.1/STM32CubeIDE/plugins/com.st.stm32cube.ide.mcu.externaltools.gnu-tools-for-stm32.11.3.rel1.win32_1.1.100.202309141235/tools/bin/../lib/gcc/arm-none-eabi/11.3.1/thumb/v7e-m+fp/hard/crtbegin.o
 *(.text*)
 .text.__NVIC_SetPriorityGrouping
                0x00000000080001c8       0x48 ./Core/Src/main.o
 .text.__NVIC_GetPriorityGrouping
                0x0000000008000210       0x1c ./Core/Src/main.o
 .text.__NVIC_SetPriority
                0x000000000800022c       0x54 ./Core/Src/main.o
 .text.NVIC_EncodePriority
                0x0000000008000280       0x66 ./Core/Src/main.o
 *fill*         0x00000000080002e6        0x2 
 .text.LL_RCC_MSI_Enable
                0x00000000080002e8       0x20 ./Core/Src/main.o
 .text.LL_RCC_MSI_IsReady
                0x0000000008000308       0x24 ./Core/Src/main.o
 .text.LL_RCC_MSI_EnableRangeSelection
                0x000000000800032c       0x20 ./Core/Src/main.o
 .text.LL_RCC_MSI_SetRange
                0x000000000800034c       0x28 ./Core/Src/main.o
 .text.LL_RCC_MSI_SetCalibTrimming
                0x0000000008000374       0x2c ./Core/Src/main.o
 .text.LL_RCC_SetSysClkSource
                0x00000000080003a0       0x28 ./Core/Src/main.o
 .text.LL_RCC_GetSysClkSource
                0x00000000080003c8       0x1c ./Core/Src/main.o
 .text.LL_RCC_SetAHBPrescaler
                0x00000000080003e4       0x28 ./Core/Src/main.o
 .text.LL_RCC_SetAPB1Prescaler
                0x000000000800040c       0x28 ./Core/Src/main.o
 .text.LL_RCC_SetAPB2Prescaler
                0x0000000008000434       0x28 ./Core/Src/main.o
 .text.LL_RCC_PLL_Enable
                0x000000000800045c       0x20 ./Core/Src/main.o
 .text.LL_RCC_PLL_IsReady
                0x000000000800047c       0x28 ./Core/Src/main.o
 .text.LL_RCC_PLL_ConfigDomain_SYS
                0x00000000080004a4       0x40 ./Core/Src/main.o
 .text.LL_RCC_PLL_EnableDomain_SYS
                0x00000000080004e4       0x20 ./Core/Src/main.o
 .text.LL_AHB2_GRP1_EnableClock
                0x0000000008000504       0x30 ./Core/Src/main.o
 .text.LL_APB1_GRP1_EnableClock
                0x0000000008000534       0x30 ./Core/Src/main.o
 .text.LL_APB2_GRP1_EnableClock
                0x0000000008000564       0x30 ./Core/Src/main.o
 .text.LL_FLASH_SetLatency
                0x0000000008000594       0x28 ./Core/Src/main.o
 .text.LL_FLASH_GetLatency
                0x00000000080005bc       0x1c ./Core/Src/main.o
 .text.LL_PWR_SetRegulVoltageScaling
                0x00000000080005d8       0x28 ./Core/Src/main.o
 .text.LL_PWR_IsActiveFlag_VOS
                0x0000000008000600       0x28 ./Core/Src/main.o
 .text.LL_TIM_EnableCounter
                0x0000000008000628       0x20 ./Core/Src/main.o
 .text.LL_TIM_SetCounterMode
                0x0000000008000648       0x26 ./Core/Src/main.o
 .text.LL_TIM_DisableARRPreload
                0x000000000800066e       0x20 ./Core/Src/main.o
 .text.LL_TIM_SetTriggerOutput
                0x000000000800068e       0x26 ./Core/Src/main.o
 .text.LL_TIM_DisableMasterSlaveMode
                0x00000000080006b4       0x20 ./Core/Src/main.o
 .text.LL_TIM_ClearFlag_UPDATE
                0x00000000080006d4       0x1c ./Core/Src/main.o
 .text.LL_GPIO_ResetOutputPin
                0x00000000080006f0       0x1c ./Core/Src/main.o
 .text.main     0x000000000800070c       0x46 ./Core/Src/main.o
                0x000000000800070c                main
 *fill*         0x0000000008000752        0x2 
 .text.SystemClock_Config
                0x0000000008000754       0xa4 ./Core/Src/main.o
                0x0000000008000754                SystemClock_Config
 .text.MX_TIM6_Init
                0x00000000080007f8       0x68 ./Core/Src/main.o
 .text.MX_GPIO_Init
                0x0000000008000860       0x88 ./Core/Src/main.o
 .text.LedTest  0x00000000080008e8        0xe ./Core/Src/main.o
                0x00000000080008e8                LedTest
 .text.NMI_Handler
                0x00000000080008f6        0x6 ./Core/Src/stm32l4xx_it.o
                0x00000000080008f6                NMI_Handler
 .text.HardFault_Handler
                0x00000000080008fc        0x6 ./Core/Src/stm32l4xx_it.o
                0x00000000080008fc                HardFault_Handler
 .text.MemManage_Handler
                0x0000000008000902        0x6 ./Core/Src/stm32l4xx_it.o
                0x0000000008000902                MemManage_Handler
 .text.BusFault_Handler
                0x0000000008000908        0x6 ./Core/Src/stm32l4xx_it.o
                0x0000000008000908                BusFault_Handler
 .text.UsageFault_Handler
                0x000000000800090e        0x6 ./Core/Src/stm32l4xx_it.o
                0x000000000800090e                UsageFault_Handler
 .text.SVC_Handler
                0x0000000008000914        0xe ./Core/Src/stm32l4xx_it.o
                0x0000000008000914                SVC_Handler
 .text.DebugMon_Handler
                0x0000000008000922        0xe ./Core/Src/stm32l4xx_it.o
                0x0000000008000922                DebugMon_Handler
 .text.PendSV_Handler
                0x0000000008000930        0xe ./Core/Src/stm32l4xx_it.o
                0x0000000008000930                PendSV_Handler
 .text.SysTick_Handler
                0x000000000800093e        0xe ./Core/Src/stm32l4xx_it.o
                0x000000000800093e                SysTick_Handler
 .text.SystemInit
                0x000000000800094c       0x24 ./Core/Src/system_stm32l4xx.o
                0x000000000800094c                SystemInit
 .text.Reset_Handler
                0x0000000008000970       0x50 ./Core/Startup/startup_stm32l476rgtx.o
                0x0000000008000970                Reset_Handler
 .text.Default_Handler
                0x00000000080009c0        0x2 ./Core/Startup/startup_stm32l476rgtx.o
                0x00000000080009c0                RTC_Alarm_IRQHandler
                0x00000000080009c0                EXTI2_IRQHandler
                0x00000000080009c0                TIM8_TRG_COM_IRQHandler
                0x00000000080009c0                TIM8_CC_IRQHandler
                0x00000000080009c0                TIM1_CC_IRQHandler
                0x00000000080009c0                TSC_IRQHandler
                0x00000000080009c0                TAMP_STAMP_IRQHandler
                0x00000000080009c0                EXTI3_IRQHandler
                0x00000000080009c0                LPTIM2_IRQHandler
                0x00000000080009c0                DFSDM1_FLT1_IRQHandler
                0x00000000080009c0                I2C3_ER_IRQHandler
                0x00000000080009c0                DFSDM1_FLT2_IRQHandler
                0x00000000080009c0                EXTI0_IRQHandler
                0x00000000080009c0                I2C2_EV_IRQHandler
                0x00000000080009c0                CAN1_RX0_IRQHandler
                0x00000000080009c0                FPU_IRQHandler
                0x00000000080009c0                TIM1_UP_TIM16_IRQHandler
                0x00000000080009c0                ADC1_2_IRQHandler
                0x00000000080009c0                SPI1_IRQHandler
                0x00000000080009c0                TIM6_DAC_IRQHandler
                0x00000000080009c0                TIM8_UP_IRQHandler
                0x00000000080009c0                DMA2_Channel2_IRQHandler
                0x00000000080009c0                DMA1_Channel4_IRQHandler
                0x00000000080009c0                SAI2_IRQHandler
                0x00000000080009c0                DFSDM1_FLT3_IRQHandler
                0x00000000080009c0                USART3_IRQHandler
                0x00000000080009c0                DMA1_Channel7_IRQHandler
                0x00000000080009c0                CAN1_RX1_IRQHandler
                0x00000000080009c0                LCD_IRQHandler
                0x00000000080009c0                UART5_IRQHandler
                0x00000000080009c0                ADC3_IRQHandler
                0x00000000080009c0                TIM4_IRQHandler
                0x00000000080009c0                DMA2_Channel1_IRQHandler
                0x00000000080009c0                QUADSPI_IRQHandler
                0x00000000080009c0                I2C1_EV_IRQHandler
                0x00000000080009c0                DMA1_Channel6_IRQHandler
                0x00000000080009c0                UART4_IRQHandler
                0x00000000080009c0                DMA2_Channel4_IRQHandler
                0x00000000080009c0                TIM3_IRQHandler
                0x00000000080009c0                RCC_IRQHandler
                0x00000000080009c0                DMA1_Channel1_IRQHandler
                0x00000000080009c0                Default_Handler
                0x00000000080009c0                DMA2_Channel7_IRQHandler
                0x00000000080009c0                EXTI15_10_IRQHandler
                0x00000000080009c0                TIM7_IRQHandler
                0x00000000080009c0                SDMMC1_IRQHandler
                0x00000000080009c0                TIM5_IRQHandler
                0x00000000080009c0                I2C3_EV_IRQHandler
                0x00000000080009c0                EXTI9_5_IRQHandler
                0x00000000080009c0                RTC_WKUP_IRQHandler
                0x00000000080009c0                PVD_PVM_IRQHandler
                0x00000000080009c0                SPI2_IRQHandler
                0x00000000080009c0                CAN1_TX_IRQHandler
                0x00000000080009c0                DMA2_Channel5_IRQHandler
                0x00000000080009c0                DMA1_Channel5_IRQHandler
                0x00000000080009c0                EXTI4_IRQHandler
                0x00000000080009c0                RNG_IRQHandler
                0x00000000080009c0                TIM1_TRG_COM_TIM17_IRQHandler
                0x00000000080009c0                DMA1_Channel3_IRQHandler
                0x00000000080009c0                COMP_IRQHandler
                0x00000000080009c0                WWDG_IRQHandler
                0x00000000080009c0                LPUART1_IRQHandler
                0x00000000080009c0                DMA2_Channel6_IRQHandler
                0x00000000080009c0                TIM2_IRQHandler
                0x00000000080009c0                EXTI1_IRQHandler
                0x00000000080009c0                USART2_IRQHandler
                0x00000000080009c0                DFSDM1_FLT0_IRQHandler
                0x00000000080009c0                I2C2_ER_IRQHandler
                0x00000000080009c0                DMA1_Channel2_IRQHandler
                0x00000000080009c0                TIM8_BRK_IRQHandler
                0x00000000080009c0                CAN1_SCE_IRQHandler
                0x00000000080009c0                FLASH_IRQHandler
                0x00000000080009c0                USART1_IRQHandler
                0x00000000080009c0                OTG_FS_IRQHandler
                0x00000000080009c0                SPI3_IRQHandler
                0x00000000080009c0                I2C1_ER_IRQHandler
                0x00000000080009c0                FMC_IRQHandler
                0x00000000080009c0                SWPMI1_IRQHandler
                0x00000000080009c0                LPTIM1_IRQHandler
                0x00000000080009c0                SAI1_IRQHandler
                0x00000000080009c0                DMA2_Channel3_IRQHandler
                0x00000000080009c0                TIM1_BRK_TIM15_IRQHandler
 .text.LL_GPIO_SetPinMode
                0x00000000080009c2       0x7a ./Drivers/STM32L4xx_HAL_Driver/Src/stm32l4xx_ll_gpio.o
 .text.LL_GPIO_SetPinOutputType
                0x0000000008000a3c       0x30 ./Drivers/STM32L4xx_HAL_Driver/Src/stm32l4xx_ll_gpio.o
 .text.LL_GPIO_SetPinSpeed
                0x0000000008000a6c       0x7a ./Drivers/STM32L4xx_HAL_Driver/Src/stm32l4xx_ll_gpio.o
 .text.LL_GPIO_SetPinPull
                0x0000000008000ae6       0x7a ./Drivers/STM32L4xx_HAL_Driver/Src/stm32l4xx_ll_gpio.o
 .text.LL_GPIO_SetAFPin_0_7
                0x0000000008000b60       0x7a ./Drivers/STM32L4xx_HAL_Driver/Src/stm32l4xx_ll_gpio.o
 .text.LL_GPIO_SetAFPin_8_15
                0x0000000008000bda       0x7e ./Drivers/STM32L4xx_HAL_Driver/Src/stm32l4xx_ll_gpio.o
 .text.LL_GPIO_Init
                0x0000000008000c58       0xdc ./Drivers/STM32L4xx_HAL_Driver/Src/stm32l4xx_ll_gpio.o
                0x0000000008000c58                LL_GPIO_Init
 .text.LL_TIM_SetPrescaler
                0x0000000008000d34       0x1c ./Drivers/STM32L4xx_HAL_Driver/Src/stm32l4xx_ll_tim.o
 .text.LL_TIM_SetAutoReload
                0x0000000008000d50       0x1c ./Drivers/STM32L4xx_HAL_Driver/Src/stm32l4xx_ll_tim.o
 .text.LL_TIM_SetRepetitionCounter
                0x0000000008000d6c       0x1c ./Drivers/STM32L4xx_HAL_Driver/Src/stm32l4xx_ll_tim.o
 .text.LL_TIM_GenerateEvent_UPDATE
                0x0000000008000d88       0x20 ./Drivers/STM32L4xx_HAL_Driver/Src/stm32l4xx_ll_tim.o
 .text.LL_TIM_Init
                0x0000000008000da8      0x128 ./Drivers/STM32L4xx_HAL_Driver/Src/stm32l4xx_ll_tim.o
                0x0000000008000da8                LL_TIM_Init
 .text.LL_InitTick
                0x0000000008000ed0       0x34 ./Drivers/STM32L4xx_HAL_Driver/Src/stm32l4xx_ll_utils.o
 .text.LL_Init1msTick
                0x0000000008000f04       0x1a ./Drivers/STM32L4xx_HAL_Driver/Src/stm32l4xx_ll_utils.o
                0x0000000008000f04                LL_Init1msTick
 *fill*         0x0000000008000f1e        0x2 
 .text.LL_SetSystemCoreClock
                0x0000000008000f20       0x20 ./Drivers/STM32L4xx_HAL_Driver/Src/stm32l4xx_ll_utils.o
                0x0000000008000f20                LL_SetSystemCoreClock
 .text.__libc_init_array
                0x0000000008000f40       0x48 C:/ST/STM32CubeIDE_1.14.1/STM32CubeIDE/plugins/com.st.stm32cube.ide.mcu.externaltools.gnu-tools-for-stm32.11.3.rel1.win32_1.1.100.202309141235/tools/bin/../lib/gcc/arm-none-eabi/11.3.1/../../../../arm-none-eabi/lib/thumb/v7e-m+fp/hard\libc_nano.a(libc_a-init.o)
                0x0000000008000f40                __libc_init_array
 *(.glue_7)
 .glue_7        0x0000000008000f88        0x0 linker stubs
 *(.glue_7t)
 .glue_7t       0x0000000008000f88        0x0 linker stubs
 *(.eh_frame)
 .eh_frame      0x0000000008000f88        0x0 C:/ST/STM32CubeIDE_1.14.1/STM32CubeIDE/plugins/com.st.stm32cube.ide.mcu.externaltools.gnu-tools-for-stm32.11.3.rel1.win32_1.1.100.202309141235/tools/bin/../lib/gcc/arm-none-eabi/11.3.1/thumb/v7e-m+fp/hard/crtbegin.o
 *(.init)
 .init          0x0000000008000f88        0x4 C:/ST/STM32CubeIDE_1.14.1/STM32CubeIDE/plugins/com.st.stm32cube.ide.mcu.externaltools.gnu-tools-for-stm32.11.3.rel1.win32_1.1.100.202309141235/tools/bin/../lib/gcc/arm-none-eabi/11.3.1/thumb/v7e-m+fp/hard/crti.o
                0x0000000008000f88                _init
 .init          0x0000000008000f8c        0x8 C:/ST/STM32CubeIDE_1.14.1/STM32CubeIDE/plugins/com.st.stm32cube.ide.mcu.externaltools.gnu-tools-for-stm32.11.3.rel1.win32_1.1.100.202309141235/tools/bin/../lib/gcc/arm-none-eabi/11.3.1/thumb/v7e-m+fp/hard/crtn.o
 *(.fini)
 .fini          0x0000000008000f94        0x4 C:/ST/STM32CubeIDE_1.14.1/STM32CubeIDE/plugins/com.st.stm32cube.ide.mcu.externaltools.gnu-tools-for-stm32.11.3.rel1.win32_1.1.100.202309141235/tools/bin/../lib/gcc/arm-none-eabi/11.3.1/thumb/v7e-m+fp/hard/crti.o
                0x0000000008000f94                _fini
 .fini          0x0000000008000f98        0x8 C:/ST/STM32CubeIDE_1.14.1/STM32CubeIDE/plugins/com.st.stm32cube.ide.mcu.externaltools.gnu-tools-for-stm32.11.3.rel1.win32_1.1.100.202309141235/tools/bin/../lib/gcc/arm-none-eabi/11.3.1/thumb/v7e-m+fp/hard/crtn.o
                0x0000000008000fa0                . = ALIGN (0x4)
                0x0000000008000fa0                _etext = .

.vfp11_veneer   0x0000000008000fa0        0x0
 .vfp11_veneer  0x0000000008000fa0        0x0 linker stubs

.v4_bx          0x0000000008000fa0        0x0
 .v4_bx         0x0000000008000fa0        0x0 linker stubs

.iplt           0x0000000008000fa0        0x0
 .iplt          0x0000000008000fa0        0x0 C:/ST/STM32CubeIDE_1.14.1/STM32CubeIDE/plugins/com.st.stm32cube.ide.mcu.externaltools.gnu-tools-for-stm32.11.3.rel1.win32_1.1.100.202309141235/tools/bin/../lib/gcc/arm-none-eabi/11.3.1/thumb/v7e-m+fp/hard/crtbegin.o

.rel.dyn        0x0000000008000fa0        0x0
 .rel.iplt      0x0000000008000fa0        0x0 C:/ST/STM32CubeIDE_1.14.1/STM32CubeIDE/plugins/com.st.stm32cube.ide.mcu.externaltools.gnu-tools-for-stm32.11.3.rel1.win32_1.1.100.202309141235/tools/bin/../lib/gcc/arm-none-eabi/11.3.1/thumb/v7e-m+fp/hard/crtbegin.o

.rodata         0x0000000008000fa0        0x0
                0x0000000008000fa0                . = ALIGN (0x4)
 *(.rodata)
 *(.rodata*)
                0x0000000008000fa0                . = ALIGN (0x4)

.ARM.extab      0x0000000008000fa0        0x0
                0x0000000008000fa0                . = ALIGN (0x4)
 *(.ARM.extab* .gnu.linkonce.armextab.*)
                0x0000000008000fa0                . = ALIGN (0x4)

.ARM            0x0000000008000fa0        0x0
                0x0000000008000fa0                . = ALIGN (0x4)
                0x0000000008000fa0                __exidx_start = .
 *(.ARM.exidx*)
                0x0000000008000fa0                __exidx_end = .
                0x0000000008000fa0                . = ALIGN (0x4)

.preinit_array  0x0000000008000fa0        0x0
                0x0000000008000fa0                . = ALIGN (0x4)
                0x0000000008000fa0                PROVIDE (__preinit_array_start = .)
 *(.preinit_array*)
                0x0000000008000fa0                PROVIDE (__preinit_array_end = .)
                0x0000000008000fa0                . = ALIGN (0x4)

.init_array     0x0000000008000fa0        0x4
                0x0000000008000fa0                . = ALIGN (0x4)
                0x0000000008000fa0                PROVIDE (__init_array_start = .)
 *(SORT_BY_NAME(.init_array.*))
 *(.init_array*)
 .init_array    0x0000000008000fa0        0x4 C:/ST/STM32CubeIDE_1.14.1/STM32CubeIDE/plugins/com.st.stm32cube.ide.mcu.externaltools.gnu-tools-for-stm32.11.3.rel1.win32_1.1.100.202309141235/tools/bin/../lib/gcc/arm-none-eabi/11.3.1/thumb/v7e-m+fp/hard/crtbegin.o
                0x0000000008000fa4                PROVIDE (__init_array_end = .)
                0x0000000008000fa4                . = ALIGN (0x4)

.fini_array     0x0000000008000fa4        0x4
                0x0000000008000fa4                . = ALIGN (0x4)
                [!provide]                        PROVIDE (__fini_array_start = .)
 *(SORT_BY_NAME(.fini_array.*))
 *(.fini_array*)
 .fini_array    0x0000000008000fa4        0x4 C:/ST/STM32CubeIDE_1.14.1/STM32CubeIDE/plugins/com.st.stm32cube.ide.mcu.externaltools.gnu-tools-for-stm32.11.3.rel1.win32_1.1.100.202309141235/tools/bin/../lib/gcc/arm-none-eabi/11.3.1/thumb/v7e-m+fp/hard/crtbegin.o
                [!provide]                        PROVIDE (__fini_array_end = .)
                0x0000000008000fa8                . = ALIGN (0x4)
                0x0000000008000fa8                _sidata = LOADADDR (.data)

.data           0x0000000020000000        0x4 load address 0x0000000008000fa8
                0x0000000020000000                . = ALIGN (0x4)
                0x0000000020000000                _sdata = .
 *(.data)
 *(.data*)
 .data.SystemCoreClock
                0x0000000020000000        0x4 ./Core/Src/system_stm32l4xx.o
                0x0000000020000000                SystemCoreClock
 *(.RamFunc)
 *(.RamFunc*)
                0x0000000020000004                . = ALIGN (0x4)
                0x0000000020000004                _edata = .

.igot.plt       0x0000000020000004        0x0 load address 0x0000000008000fac
 .igot.plt      0x0000000020000004        0x0 C:/ST/STM32CubeIDE_1.14.1/STM32CubeIDE/plugins/com.st.stm32cube.ide.mcu.externaltools.gnu-tools-for-stm32.11.3.rel1.win32_1.1.100.202309141235/tools/bin/../lib/gcc/arm-none-eabi/11.3.1/thumb/v7e-m+fp/hard/crtbegin.o
                0x0000000020000004                . = ALIGN (0x4)

.bss            0x0000000020000004       0x1c load address 0x0000000008000fac
                0x0000000020000004                _sbss = .
                0x0000000020000004                __bss_start__ = _sbss
 *(.bss)
 .bss           0x0000000020000004       0x1c C:/ST/STM32CubeIDE_1.14.1/STM32CubeIDE/plugins/com.st.stm32cube.ide.mcu.externaltools.gnu-tools-for-stm32.11.3.rel1.win32_1.1.100.202309141235/tools/bin/../lib/gcc/arm-none-eabi/11.3.1/thumb/v7e-m+fp/hard/crtbegin.o
 *(.bss*)
 *(COMMON)
                0x0000000020000020                . = ALIGN (0x4)
                0x0000000020000020                _ebss = .
                0x0000000020000020                __bss_end__ = _ebss

._user_heap_stack
                0x0000000020000020      0x600 load address 0x0000000008000fac
                0x0000000020000020                . = ALIGN (0x8)
                [!provide]                        PROVIDE (end = .)
                0x0000000020000020                PROVIDE (_end = .)
                0x0000000020000220                . = (. + _Min_Heap_Size)
 *fill*         0x0000000020000020      0x200 
                0x0000000020000620                . = (. + _Min_Stack_Size)
 *fill*         0x0000000020000220      0x400 
                0x0000000020000620                . = ALIGN (0x8)

/DISCARD/
 libc.a(*)
 libm.a(*)
 libgcc.a(*)

.ARM.attributes
                0x0000000000000000       0x30
 *(.ARM.attributes)
 .ARM.attributes
                0x0000000000000000       0x1e C:/ST/STM32CubeIDE_1.14.1/STM32CubeIDE/plugins/com.st.stm32cube.ide.mcu.externaltools.gnu-tools-for-stm32.11.3.rel1.win32_1.1.100.202309141235/tools/bin/../lib/gcc/arm-none-eabi/11.3.1/thumb/v7e-m+fp/hard/crti.o
 .ARM.attributes
                0x000000000000001e       0x34 C:/ST/STM32CubeIDE_1.14.1/STM32CubeIDE/plugins/com.st.stm32cube.ide.mcu.externaltools.gnu-tools-for-stm32.11.3.rel1.win32_1.1.100.202309141235/tools/bin/../lib/gcc/arm-none-eabi/11.3.1/thumb/v7e-m+fp/hard/crtbegin.o
 .ARM.attributes
                0x0000000000000052       0x34 ./Core/Src/main.o
 .ARM.attributes
                0x0000000000000086       0x34 ./Core/Src/stm32l4xx_it.o
 .ARM.attributes
                0x00000000000000ba       0x34 ./Core/Src/system_stm32l4xx.o
 .ARM.attributes
                0x00000000000000ee       0x21 ./Core/Startup/startup_stm32l476rgtx.o
 .ARM.attributes
                0x000000000000010f       0x34 ./Drivers/STM32L4xx_HAL_Driver/Src/stm32l4xx_ll_gpio.o
 .ARM.attributes
                0x0000000000000143       0x34 ./Drivers/STM32L4xx_HAL_Driver/Src/stm32l4xx_ll_tim.o
 .ARM.attributes
                0x0000000000000177       0x34 ./Drivers/STM32L4xx_HAL_Driver/Src/stm32l4xx_ll_utils.o
 .ARM.attributes
                0x00000000000001ab       0x34 C:/ST/STM32CubeIDE_1.14.1/STM32CubeIDE/plugins/com.st.stm32cube.ide.mcu.externaltools.gnu-tools-for-stm32.11.3.rel1.win32_1.1.100.202309141235/tools/bin/../lib/gcc/arm-none-eabi/11.3.1/../../../../arm-none-eabi/lib/thumb/v7e-m+fp/hard\libc_nano.a(libc_a-init.o)
 .ARM.attributes
                0x00000000000001df       0x1e C:/ST/STM32CubeIDE_1.14.1/STM32CubeIDE/plugins/com.st.stm32cube.ide.mcu.externaltools.gnu-tools-for-stm32.11.3.rel1.win32_1.1.100.202309141235/tools/bin/../lib/gcc/arm-none-eabi/11.3.1/thumb/v7e-m+fp/hard/crtn.o
OUTPUT(Buzzer.elf elf32-littlearm)
LOAD linker stubs
LOAD C:/ST/STM32CubeIDE_1.14.1/STM32CubeIDE/plugins/com.st.stm32cube.ide.mcu.externaltools.gnu-tools-for-stm32.11.3.rel1.win32_1.1.100.202309141235/tools/bin/../lib/gcc/arm-none-eabi/11.3.1/../../../../arm-none-eabi/lib/thumb/v7e-m+fp/hard\libc.a
LOAD C:/ST/STM32CubeIDE_1.14.1/STM32CubeIDE/plugins/com.st.stm32cube.ide.mcu.externaltools.gnu-tools-for-stm32.11.3.rel1.win32_1.1.100.202309141235/tools/bin/../lib/gcc/arm-none-eabi/11.3.1/../../../../arm-none-eabi/lib/thumb/v7e-m+fp/hard\libm.a
LOAD C:/ST/STM32CubeIDE_1.14.1/STM32CubeIDE/plugins/com.st.stm32cube.ide.mcu.externaltools.gnu-tools-for-stm32.11.3.rel1.win32_1.1.100.202309141235/tools/bin/../lib/gcc/arm-none-eabi/11.3.1/thumb/v7e-m+fp/hard\libgcc.a

.comment        0x0000000000000000       0x43
 .comment       0x0000000000000000       0x43 C:/ST/STM32CubeIDE_1.14.1/STM32CubeIDE/plugins/com.st.stm32cube.ide.mcu.externaltools.gnu-tools-for-stm32.11.3.rel1.win32_1.1.100.202309141235/tools/bin/../lib/gcc/arm-none-eabi/11.3.1/thumb/v7e-m+fp/hard/crtbegin.o
                                         0x44 (size before relaxing)
 .comment       0x0000000000000043       0x44 ./Core/Src/main.o
 .comment       0x0000000000000043       0x44 ./Core/Src/stm32l4xx_it.o
 .comment       0x0000000000000043       0x44 ./Core/Src/system_stm32l4xx.o
 .comment       0x0000000000000043       0x44 ./Drivers/STM32L4xx_HAL_Driver/Src/stm32l4xx_ll_gpio.o
 .comment       0x0000000000000043       0x44 ./Drivers/STM32L4xx_HAL_Driver/Src/stm32l4xx_ll_tim.o
 .comment       0x0000000000000043       0x44 ./Drivers/STM32L4xx_HAL_Driver/Src/stm32l4xx_ll_utils.o

.debug_info     0x0000000000000000     0x43b7
 .debug_info    0x0000000000000000     0x1565 ./Core/Src/main.o
 .debug_info    0x0000000000001565      0x1ae ./Core/Src/stm32l4xx_it.o
 .debug_info    0x0000000000001713      0x5aa ./Core/Src/system_stm32l4xx.o
 .debug_info    0x0000000000001cbd       0x23 ./Core/Startup/startup_stm32l476rgtx.o
 .debug_info    0x0000000000001ce0      0x94b ./Drivers/STM32L4xx_HAL_Driver/Src/stm32l4xx_ll_gpio.o
 .debug_info    0x000000000000262b     0x114e ./Drivers/STM32L4xx_HAL_Driver/Src/stm32l4xx_ll_tim.o
 .debug_info    0x0000000000003779      0xc3e ./Drivers/STM32L4xx_HAL_Driver/Src/stm32l4xx_ll_utils.o

.debug_abbrev   0x0000000000000000      0xb2b
 .debug_abbrev  0x0000000000000000      0x2dd ./Core/Src/main.o
 .debug_abbrev  0x00000000000002dd       0x81 ./Core/Src/stm32l4xx_it.o
 .debug_abbrev  0x000000000000035e      0x11a ./Core/Src/system_stm32l4xx.o
 .debug_abbrev  0x0000000000000478       0x12 ./Core/Startup/startup_stm32l476rgtx.o
 .debug_abbrev  0x000000000000048a      0x235 ./Drivers/STM32L4xx_HAL_Driver/Src/stm32l4xx_ll_gpio.o
 .debug_abbrev  0x00000000000006bf      0x20d ./Drivers/STM32L4xx_HAL_Driver/Src/stm32l4xx_ll_tim.o
 .debug_abbrev  0x00000000000008cc      0x25f ./Drivers/STM32L4xx_HAL_Driver/Src/stm32l4xx_ll_utils.o

.debug_aranges  0x0000000000000000      0x508
 .debug_aranges
                0x0000000000000000      0x168 ./Core/Src/main.o
 .debug_aranges
                0x0000000000000168       0x60 ./Core/Src/stm32l4xx_it.o
 .debug_aranges
                0x00000000000001c8       0x28 ./Core/Src/system_stm32l4xx.o
 .debug_aranges
                0x00000000000001f0       0x28 ./Core/Startup/startup_stm32l476rgtx.o
 .debug_aranges
                0x0000000000000218       0x70 ./Drivers/STM32L4xx_HAL_Driver/Src/stm32l4xx_ll_gpio.o
 .debug_aranges
                0x0000000000000288      0x148 ./Drivers/STM32L4xx_HAL_Driver/Src/stm32l4xx_ll_tim.o
 .debug_aranges
                0x00000000000003d0      0x138 ./Drivers/STM32L4xx_HAL_Driver/Src/stm32l4xx_ll_utils.o

.debug_rnglists
                0x0000000000000000      0x3b8
 .debug_rnglists
                0x0000000000000000      0x10b ./Core/Src/main.o
 .debug_rnglists
                0x000000000000010b       0x43 ./Core/Src/stm32l4xx_it.o
 .debug_rnglists
                0x000000000000014e       0x1a ./Core/Src/system_stm32l4xx.o
 .debug_rnglists
                0x0000000000000168       0x19 ./Core/Startup/startup_stm32l476rgtx.o
 .debug_rnglists
                0x0000000000000181       0x51 ./Drivers/STM32L4xx_HAL_Driver/Src/stm32l4xx_ll_gpio.o
 .debug_rnglists
                0x00000000000001d2       0xfe ./Drivers/STM32L4xx_HAL_Driver/Src/stm32l4xx_ll_tim.o
 .debug_rnglists
                0x00000000000002d0       0xe8 ./Drivers/STM32L4xx_HAL_Driver/Src/stm32l4xx_ll_utils.o

.debug_macro    0x0000000000000000    0x1f6a3
 .debug_macro   0x0000000000000000      0x141 ./Core/Src/main.o
 .debug_macro   0x0000000000000141      0xaf6 ./Core/Src/main.o
 .debug_macro   0x0000000000000c37       0x2e ./Core/Src/main.o
 .debug_macro   0x0000000000000c65       0x28 ./Core/Src/main.o
 .debug_macro   0x0000000000000c8d       0x22 ./Core/Src/main.o
 .debug_macro   0x0000000000000caf       0x8e ./Core/Src/main.o
 .debug_macro   0x0000000000000d3d       0x51 ./Core/Src/main.o
 .debug_macro   0x0000000000000d8e      0x103 ./Core/Src/main.o
 .debug_macro   0x0000000000000e91       0x6a ./Core/Src/main.o
 .debug_macro   0x0000000000000efb      0x1df ./Core/Src/main.o
 .debug_macro   0x00000000000010da       0x1c ./Core/Src/main.o
 .debug_macro   0x00000000000010f6       0x22 ./Core/Src/main.o
 .debug_macro   0x0000000000001118       0xfb ./Core/Src/main.o
 .debug_macro   0x0000000000001213     0x1011 ./Core/Src/main.o
 .debug_macro   0x0000000000002224      0x11f ./Core/Src/main.o
 .debug_macro   0x0000000000002343    0x1a17a ./Core/Src/main.o
 .debug_macro   0x000000000001c4bd       0x6d ./Core/Src/main.o
 .debug_macro   0x000000000001c52a      0x716 ./Core/Src/main.o
 .debug_macro   0x000000000001cc40      0x1bf ./Core/Src/main.o
 .debug_macro   0x000000000001cdff      0x2f5 ./Core/Src/main.o
 .debug_macro   0x000000000001d0f4      0x163 ./Core/Src/main.o
 .debug_macro   0x000000000001d257      0x1a6 ./Core/Src/main.o
 .debug_macro   0x000000000001d3fd       0xa7 ./Core/Src/main.o
 .debug_macro   0x000000000001d4a4      0x20d ./Core/Src/main.o
 .debug_macro   0x000000000001d6b1      0x2cb ./Core/Src/main.o
 .debug_macro   0x000000000001d97c      0x99e ./Core/Src/main.o
 .debug_macro   0x000000000001e31a      0x169 ./Core/Src/main.o
 .debug_macro   0x000000000001e483       0x46 ./Core/Src/main.o
 .debug_macro   0x000000000001e4c9      0x14b ./Core/Src/stm32l4xx_it.o
 .debug_macro   0x000000000001e614       0xce ./Core/Src/system_stm32l4xx.o
 .debug_macro   0x000000000001e6e2      0x110 ./Drivers/STM32L4xx_HAL_Driver/Src/stm32l4xx_ll_gpio.o
 .debug_macro   0x000000000001e7f2      0x163 ./Drivers/STM32L4xx_HAL_Driver/Src/stm32l4xx_ll_gpio.o
 .debug_macro   0x000000000001e955      0x177 ./Drivers/STM32L4xx_HAL_Driver/Src/stm32l4xx_ll_tim.o
 .debug_macro   0x000000000001eacc      0x998 ./Drivers/STM32L4xx_HAL_Driver/Src/stm32l4xx_ll_tim.o
 .debug_macro   0x000000000001f464      0x19e ./Drivers/STM32L4xx_HAL_Driver/Src/stm32l4xx_ll_utils.o
 .debug_macro   0x000000000001f602       0xa1 ./Drivers/STM32L4xx_HAL_Driver/Src/stm32l4xx_ll_utils.o

.debug_line     0x0000000000000000     0x399f
 .debug_line    0x0000000000000000      0xbfc ./Core/Src/main.o
 .debug_line    0x0000000000000bfc      0x6e2 ./Core/Src/stm32l4xx_it.o
 .debug_line    0x00000000000012de      0x590 ./Core/Src/system_stm32l4xx.o
 .debug_line    0x000000000000186e       0x7a ./Core/Startup/startup_stm32l476rgtx.o
 .debug_line    0x00000000000018e8      0x843 ./Drivers/STM32L4xx_HAL_Driver/Src/stm32l4xx_ll_gpio.o
 .debug_line    0x000000000000212b      0xcb7 ./Drivers/STM32L4xx_HAL_Driver/Src/stm32l4xx_ll_tim.o
 .debug_line    0x0000000000002de2      0xbbd ./Drivers/STM32L4xx_HAL_Driver/Src/stm32l4xx_ll_utils.o

.debug_str      0x0000000000000000    0xb1316
 .debug_str     0x0000000000000000    0xae15f ./Core/Src/main.o
                                      0xae484 (size before relaxing)
 .debug_str     0x00000000000ae15f       0xbd ./Core/Src/stm32l4xx_it.o
                                      0xad735 (size before relaxing)
 .debug_str     0x00000000000ae21c       0x8e ./Core/Src/system_stm32l4xx.o
                                      0x9ec0d (size before relaxing)
 .debug_str     0x00000000000ae2aa       0x34 ./Core/Startup/startup_stm32l476rgtx.o
                                         0x6a (size before relaxing)
 .debug_str     0x00000000000ae2de      0x683 ./Drivers/STM32L4xx_HAL_Driver/Src/stm32l4xx_ll_gpio.o
                                      0xa05cf (size before relaxing)
 .debug_str     0x00000000000ae961     0x1c01 ./Drivers/STM32L4xx_HAL_Driver/Src/stm32l4xx_ll_tim.o
                                      0xa61aa (size before relaxing)
 .debug_str     0x00000000000b0562      0xdb4 ./Drivers/STM32L4xx_HAL_Driver/Src/stm32l4xx_ll_utils.o
                                      0xa59fd (size before relaxing)

.debug_frame    0x0000000000000000     0x142c
 .debug_frame   0x0000000000000000      0x614 ./Core/Src/main.o
 .debug_frame   0x0000000000000614      0x108 ./Core/Src/stm32l4xx_it.o
 .debug_frame   0x000000000000071c       0x58 ./Core/Src/system_stm32l4xx.o
 .debug_frame   0x0000000000000774      0x1c0 ./Drivers/STM32L4xx_HAL_Driver/Src/stm32l4xx_ll_gpio.o
 .debug_frame   0x0000000000000934      0x5d0 ./Drivers/STM32L4xx_HAL_Driver/Src/stm32l4xx_ll_tim.o
 .debug_frame   0x0000000000000f04      0x4fc ./Drivers/STM32L4xx_HAL_Driver/Src/stm32l4xx_ll_utils.o
 .debug_frame   0x0000000000001400       0x2c C:/ST/STM32CubeIDE_1.14.1/STM32CubeIDE/plugins/com.st.stm32cube.ide.mcu.externaltools.gnu-tools-for-stm32.11.3.rel1.win32_1.1.100.202309141235/tools/bin/../lib/gcc/arm-none-eabi/11.3.1/../../../../arm-none-eabi/lib/thumb/v7e-m+fp/hard\libc_nano.a(libc_a-init.o)

.debug_line_str
                0x0000000000000000       0x5e
 .debug_line_str
                0x0000000000000000       0x5e ./Core/Startup/startup_stm32l476rgtx.o
                                         0x76 (size before relaxing)
