19:27:02 **** Incremental Build of configuration Debug for project Buzzer ****
make -j8 all 
arm-none-eabi-gcc "../Core/Src/main.c" -mcpu=cortex-m4 -std=gnu11 -g3 -DDEBUG -DSTM32L476xx -DUSE_FULL_LL_DRIVER -DHSE_VALUE=8000000 -DHSE_STARTUP_TIMEOUT=100 -DLSE_STARTUP_TIMEOUT=5000 -DLSE_VALUE=32768 -DMSI_VALUE=4000000 -DEXTERNALSAI1_CLOCK_VALUE=2097000 -DEXTERNALSAI2_CLOCK_VALUE=2097000 -DHSI_VALUE=16000000 -DLSI_VALUE=32000 -DVDD_VALUE=3300 -DPREFETCH_ENABLE=0 -DINSTRUCTION_CACHE_ENABLE=1 -DDATA_CACHE_ENABLE=1 -c -I../Core/Inc -I../Drivers/STM32L4xx_HAL_Driver/Inc -I../Drivers/CMSIS/Device/ST/STM32L4xx/Include -I../Drivers/CMSIS/Include -O0 -ffunction-sections -fdata-sections -Wall -fstack-usage -fcyclomatic-complexity -MMD -MP -MF"Core/Src/main.d" -MT"Core/Src/main.o" --specs=nano.specs -mfpu=fpv4-sp-d16 -mfloat-abi=hard -mthumb -o "Core/Src/main.o"
arm-none-eabi-gcc -o "Buzzer.elf" @"objects.list"   -mcpu=cortex-m4 -T"C:\Users\ciast\OneDrive\Dokumenty\GitHub\Stopwatch\Buzzer\STM32L476RGTX_FLASH.ld" --specs=nosys.specs -Wl,-Map="Buzzer.map" -Wl,--gc-sections -static --specs=nano.specs -mfpu=fpv4-sp-d16 -mfloat-abi=hard -mthumb -Wl,--start-group -lc -lm -Wl,--end-group
Finished building target: Buzzer.elf
 
arm-none-eabi-size  Buzzer.elf 
arm-none-eabi-objdump -h -S Buzzer.elf  > "Buzzer.list"
   text	   data	    bss	    dec	    hex	filename
   4156	     12	   1564	   5732	   1664	Buzzer.elf
Finished building: default.size.stdout
 
Finished building: Buzzer.list
 

19:27:03 Build Finished. 0 errors, 0 warnings. (took 1s.57ms)

